?   	github.com/rasel9t6/the-go-engineer/01-core-foundations/getting-started/1-installation	[no test files]
?   	github.com/rasel9t6/the-go-engineer/01-core-foundations/getting-started/2-hello-world	[no test files]
?   	github.com/rasel9t6/the-go-engineer/01-core-foundations/getting-started/3-how-go-works	[no test files]
?   	github.com/rasel9t6/the-go-engineer/01-core-foundations/getting-started/4-dev-environment	[no test files]
?   	github.com/rasel9t6/the-go-engineer/01-core-foundations/language-basics/1-variables	[no test files]
?   	github.com/rasel9t6/the-go-engineer/01-core-foundations/language-basics/2-constants	[no test files]
?   	github.com/rasel9t6/the-go-engineer/01-core-foundations/language-basics/3-enums	[no test files]
?   	github.com/rasel9t6/the-go-engineer/01-core-foundations/language-basics/4-application-logger	[no test files]
?   	github.com/rasel9t6/the-go-engineer/02-control-flow/1-for-loop	[no test files]
?   	github.com/rasel9t6/the-go-engineer/02-control-flow/2-if-else	[no test files]
?   	github.com/rasel9t6/the-go-engineer/02-control-flow/3-switch	[no test files]
  ≡ƒôª TSHIRT ΓÇö $20.00
  [OK] MUG (Sale! $12.50 -> $10.00)
  Γ¥î KEYBOARD (not found)
  Γ¥î LAPTOP_SALE (not found)
  ≡ƒôª BOOK ΓÇö $25.99
--- FAIL: TestCalculateItemPrice (0.00s)
    --- FAIL: TestCalculateItemPrice/sale_item_applies_10_percent_discount (0.00s)
        calculator_test.go:68: calculateItemPrice("MUG_SALE") price = 10.00, want 11.25
FAIL
FAIL	github.com/rasel9t6/the-go-engineer/02-control-flow/4-pricing-calculator	0.291s
?   	github.com/rasel9t6/the-go-engineer/03-data-structures/1-array	[no test files]
?   	github.com/rasel9t6/the-go-engineer/03-data-structures/2-slices	[no test files]
?   	github.com/rasel9t6/the-go-engineer/03-data-structures/3-maps	[no test files]
?   	github.com/rasel9t6/the-go-engineer/03-data-structures/4-pointers	[no test files]
?   	github.com/rasel9t6/the-go-engineer/03-data-structures/5-slices-2	[no test files]
?   	github.com/rasel9t6/the-go-engineer/03-data-structures/6-contact-manager	[no test files]
?   	github.com/rasel9t6/the-go-engineer/04-functions-and-errors/1-function	[no test files]
?   	github.com/rasel9t6/the-go-engineer/04-functions-and-errors/2-function-2	[no test files]
ok  	github.com/rasel9t6/the-go-engineer/04-functions-and-errors/3-variadic-func	(cached)
?   	github.com/rasel9t6/the-go-engineer/04-functions-and-errors/4-function-multi-values	[no test files]
?   	github.com/rasel9t6/the-go-engineer/04-functions-and-errors/5-custom-error	[no test files]
?   	github.com/rasel9t6/the-go-engineer/04-functions-and-errors/5b-error-wrapping	[no test files]
?   	github.com/rasel9t6/the-go-engineer/04-functions-and-errors/6-defer	[no test files]
?   	github.com/rasel9t6/the-go-engineer/04-functions-and-errors/7-panic-recover	[no test files]
?   	github.com/rasel9t6/the-go-engineer/04-functions-and-errors/8-error-handling	[no test files]
?   	github.com/rasel9t6/the-go-engineer/05-types-and-interfaces/1-struct	[no test files]
?   	github.com/rasel9t6/the-go-engineer/05-types-and-interfaces/2-methods	[no test files]
?   	github.com/rasel9t6/the-go-engineer/05-types-and-interfaces/3-interfaces	[no test files]
?   	github.com/rasel9t6/the-go-engineer/05-types-and-interfaces/4-stringer	[no test files]
?   	github.com/rasel9t6/the-go-engineer/05-types-and-interfaces/5-generics	[no test files]
ok  	github.com/rasel9t6/the-go-engineer/05-types-and-interfaces/6-payroll-processor	(cached)
?   	github.com/rasel9t6/the-go-engineer/06-composition/06-composition-and-embedding/1-composition	[no test files]
?   	github.com/rasel9t6/the-go-engineer/06-composition/06-composition-and-embedding/2-embedding	[no test files]
ok  	github.com/rasel9t6/the-go-engineer/06-composition/06-composition-and-embedding/3-bank-account	(cached)
?   	github.com/rasel9t6/the-go-engineer/07-strings-and-text/1-strings	[no test files]
?   	github.com/rasel9t6/the-go-engineer/07-strings-and-text/2-formatting-string	[no test files]
?   	github.com/rasel9t6/the-go-engineer/07-strings-and-text/3-unicode	[no test files]
?   	github.com/rasel9t6/the-go-engineer/07-strings-and-text/4-regex	[no test files]
?   	github.com/rasel9t6/the-go-engineer/07-strings-and-text/5-text-template	[no test files]
ok  	github.com/rasel9t6/the-go-engineer/07-strings-and-text/6-log-parser	(cached)
?   	github.com/rasel9t6/the-go-engineer/08-modules-and-packages/1-module-basics	[no test files]
?   	github.com/rasel9t6/the-go-engineer/08-modules-and-packages/2-managing-deps	[no test files]
?   	github.com/rasel9t6/the-go-engineer/08-modules-and-packages/3-versioning	[no test files]
?   	github.com/rasel9t6/the-go-engineer/09-io-and-cli/cli-tools/1-args	[no test files]
?   	github.com/rasel9t6/the-go-engineer/09-io-and-cli/cli-tools/2-flags	[no test files]
?   	github.com/rasel9t6/the-go-engineer/09-io-and-cli/cli-tools/3-subcommands	[no test files]
?   	github.com/rasel9t6/the-go-engineer/09-io-and-cli/cli-tools/4-file-organizer	[no test files]
?   	github.com/rasel9t6/the-go-engineer/09-io-and-cli/encoding/1-marshalling	[no test files]
?   	github.com/rasel9t6/the-go-engineer/09-io-and-cli/encoding/2-unmarshal	[no test files]
ok  	github.com/rasel9t6/the-go-engineer/09-io-and-cli/encoding/3-encoder	(cached)
?   	github.com/rasel9t6/the-go-engineer/09-io-and-cli/encoding/4-decode	[no test files]
?   	github.com/rasel9t6/the-go-engineer/09-io-and-cli/encoding/5-base64_encoding	[no test files]
ok  	github.com/rasel9t6/the-go-engineer/09-io-and-cli/encoding/6-config-parser	(cached)
?   	github.com/rasel9t6/the-go-engineer/09-io-and-cli/filesystem/1-files	[no test files]
?   	github.com/rasel9t6/the-go-engineer/09-io-and-cli/filesystem/2-paths	[no test files]
?   	github.com/rasel9t6/the-go-engineer/09-io-and-cli/filesystem/3-dir	[no test files]
?   	github.com/rasel9t6/the-go-engineer/09-io-and-cli/filesystem/4-temp	[no test files]
?   	github.com/rasel9t6/the-go-engineer/09-io-and-cli/filesystem/5-embed	[no test files]
?   	github.com/rasel9t6/the-go-engineer/09-io-and-cli/filesystem/6-io-patterns	[no test files]
ok  	github.com/rasel9t6/the-go-engineer/09-io-and-cli/filesystem/7-log-search	(cached)
ok  	github.com/rasel9t6/the-go-engineer/09-io-and-cli/filesystem/8-fs-testing-seam	(cached)
?   	github.com/rasel9t6/the-go-engineer/10-web-and-database/database-migrations/1-embedded-migrations	[no test files]
?   	github.com/rasel9t6/the-go-engineer/10-web-and-database/databases/1-connecting-to-db	[no test files]
?   	github.com/rasel9t6/the-go-engineer/10-web-and-database/databases/2-query	[no test files]
?   	github.com/rasel9t6/the-go-engineer/10-web-and-database/databases/3-select	[no test files]
?   	github.com/rasel9t6/the-go-engineer/10-web-and-database/databases/4-prepare	[no test files]
?   	github.com/rasel9t6/the-go-engineer/10-web-and-database/databases/5-transactions	[no test files]
?   	github.com/rasel9t6/the-go-engineer/10-web-and-database/databases/6-repository	[no test files]
?   	github.com/rasel9t6/the-go-engineer/10-web-and-database/databases/6-repository/models	[no test files]
?   	github.com/rasel9t6/the-go-engineer/10-web-and-database/databases/6-repository/repository	[no test files]
?   	github.com/rasel9t6/the-go-engineer/10-web-and-database/http-client/1-get-posts	[no test files]
?   	github.com/rasel9t6/the-go-engineer/10-web-and-database/http-client/2-refactor-for-testability	[no test files]
?   	github.com/rasel9t6/the-go-engineer/10-web-and-database/web-masterclass/1-routing	[no test files]
?   	github.com/rasel9t6/the-go-engineer/10-web-and-database/web-masterclass/1-routing/exercise	[no test files]
?   	github.com/rasel9t6/the-go-engineer/10-web-and-database/web-masterclass/10-comments	[no test files]
?   	github.com/rasel9t6/the-go-engineer/10-web-and-database/web-masterclass/2-dependency-injection	[no test files]
?   	github.com/rasel9t6/the-go-engineer/10-web-and-database/web-masterclass/3-templates	[no test files]
?   	github.com/rasel9t6/the-go-engineer/10-web-and-database/web-masterclass/4-middleware	[no test files]
?   	github.com/rasel9t6/the-go-engineer/10-web-and-database/web-masterclass/5-sessions	[no test files]
?   	github.com/rasel9t6/the-go-engineer/10-web-and-database/web-masterclass/6-auth	[no test files]
?   	github.com/rasel9t6/the-go-engineer/10-web-and-database/web-masterclass/7-forms	[no test files]
?   	github.com/rasel9t6/the-go-engineer/10-web-and-database/web-masterclass/8-posts-crud	[no test files]
?   	github.com/rasel9t6/the-go-engineer/10-web-and-database/web-masterclass/9-pagination	[no test files]
?   	github.com/rasel9t6/the-go-engineer/11-concurrency/concurrency/1-goroutine	[no test files]
?   	github.com/rasel9t6/the-go-engineer/11-concurrency/concurrency/10-sync-primitives	[no test files]
?   	github.com/rasel9t6/the-go-engineer/11-concurrency/concurrency/2-wait-group	[no test files]
?   	github.com/rasel9t6/the-go-engineer/11-concurrency/concurrency/3-channels	[no test files]
?   	github.com/rasel9t6/the-go-engineer/11-concurrency/concurrency/4-channels-buffered	[no test files]
?   	github.com/rasel9t6/the-go-engineer/11-concurrency/concurrency/5-channels-closing	[no test files]
?   	github.com/rasel9t6/the-go-engineer/11-concurrency/concurrency/6-project-1	[no test files]
?   	github.com/rasel9t6/the-go-engineer/11-concurrency/concurrency/7-downloader	[no test files]
?   	github.com/rasel9t6/the-go-engineer/11-concurrency/concurrency/8-race	[no test files]
?   	github.com/rasel9t6/the-go-engineer/11-concurrency/concurrency/9-select-deep-dive	[no test files]
?   	github.com/rasel9t6/the-go-engineer/11-concurrency/context/1-background	[no test files]
?   	github.com/rasel9t6/the-go-engineer/11-concurrency/context/2-with-cancel	[no test files]
?   	github.com/rasel9t6/the-go-engineer/11-concurrency/context/3-with-timeout	[no test files]
?   	github.com/rasel9t6/the-go-engineer/11-concurrency/context/4-with-value	[no test files]
?   	github.com/rasel9t6/the-go-engineer/11-concurrency/context/5-timeout-client	[no test files]
?   	github.com/rasel9t6/the-go-engineer/11-concurrency/time-and-scheduling/1-time	[no test files]
?   	github.com/rasel9t6/the-go-engineer/11-concurrency/time-and-scheduling/2-formatting	[no test files]
?   	github.com/rasel9t6/the-go-engineer/11-concurrency/time-and-scheduling/3-timer-and-ticker	[no test files]
?   	github.com/rasel9t6/the-go-engineer/11-concurrency/time-and-scheduling/4-random	[no test files]
?   	github.com/rasel9t6/the-go-engineer/11-concurrency/time-and-scheduling/5-schedule	[no test files]
?   	github.com/rasel9t6/the-go-engineer/11-concurrency/time-and-scheduling/6-timezone	[no test files]
?   	github.com/rasel9t6/the-go-engineer/11-concurrency/time-and-scheduling/7-reminder	[no test files]
?   	github.com/rasel9t6/the-go-engineer/12-concurrency-patterns/1-errgroup	[no test files]
?   	github.com/rasel9t6/the-go-engineer/12-concurrency-patterns/2-errgroup-context	[no test files]
ok  	github.com/rasel9t6/the-go-engineer/12-concurrency-patterns/3-sync-pool	(cached) [no tests to run]
?   	github.com/rasel9t6/the-go-engineer/12-concurrency-patterns/4-bounded-pipeline-exercise	[no test files]
?   	github.com/rasel9t6/the-go-engineer/12-concurrency-patterns/5-url-checker-exercise	[no test files]
ok  	github.com/rasel9t6/the-go-engineer/13-quality-and-performance/http-client-testing/3-manual-mock	(cached)
ok  	github.com/rasel9t6/the-go-engineer/13-quality-and-performance/http-client-testing/4-manual-mock-2	(cached)
ok  	github.com/rasel9t6/the-go-engineer/13-quality-and-performance/http-client-testing/5-manual-mock-table-driven	(cached)
ok  	github.com/rasel9t6/the-go-engineer/13-quality-and-performance/http-client-testing/6-testify-mock	(cached)
?   	github.com/rasel9t6/the-go-engineer/13-quality-and-performance/profiling/1-cpu-profile	[no test files]
?   	github.com/rasel9t6/the-go-engineer/13-quality-and-performance/profiling/3-http-pprof	[no test files]
ok  	github.com/rasel9t6/the-go-engineer/13-quality-and-performance/testing/benchmarks	(cached) [no tests to run]
ok  	github.com/rasel9t6/the-go-engineer/13-quality-and-performance/testing/user	(cached)
?   	github.com/rasel9t6/the-go-engineer/14-application-architecture/docker-and-deployment/2-multi-stage	[no test files]
?   	github.com/rasel9t6/the-go-engineer/14-application-architecture/docker-and-deployment/3-layer-caching	[no test files]
?   	github.com/rasel9t6/the-go-engineer/14-application-architecture/enterprise-capstone/internal/handlers	[no test files]
?   	github.com/rasel9t6/the-go-engineer/14-application-architecture/enterprise-capstone/internal/middleware	[no test files]
?   	github.com/rasel9t6/the-go-engineer/14-application-architecture/enterprise-capstone/internal/models	[no test files]
?   	github.com/rasel9t6/the-go-engineer/14-application-architecture/enterprise-capstone/internal/repository	[no test files]
?   	github.com/rasel9t6/the-go-engineer/14-application-architecture/graceful-shutdown/1-signal-context	[no test files]
?   	github.com/rasel9t6/the-go-engineer/14-application-architecture/graceful-shutdown/2-http-server	[no test files]
?   	github.com/rasel9t6/the-go-engineer/14-application-architecture/graceful-shutdown/3-capstone	[no test files]
?   	github.com/rasel9t6/the-go-engineer/14-application-architecture/grpc/1-unary/client	[no test files]
?   	github.com/rasel9t6/the-go-engineer/14-application-architecture/grpc/1-unary/server	[no test files]
?   	github.com/rasel9t6/the-go-engineer/14-application-architecture/grpc/gen	[no test files]
?   	github.com/rasel9t6/the-go-engineer/14-application-architecture/package-design/1-naming	[no test files]
?   	github.com/rasel9t6/the-go-engineer/14-application-architecture/package-design/2-visibility	[no test files]
?   	github.com/rasel9t6/the-go-engineer/14-application-architecture/package-design/3-project-layout	[no test files]
?   	github.com/rasel9t6/the-go-engineer/14-application-architecture/structured-logging/1-slog-basics	[no test files]
?   	github.com/rasel9t6/the-go-engineer/14-application-architecture/structured-logging/2-context-logger	[no test files]
?   	github.com/rasel9t6/the-go-engineer/14-application-architecture/structured-logging/3-custom-handler	[no test files]
?   	github.com/rasel9t6/the-go-engineer/14-application-architecture/structured-logging/4-zerolog-comparison	[no test files]
?   	github.com/rasel9t6/the-go-engineer/14-application-architecture/structured-logging/5-exercise	[no test files]
?   	github.com/rasel9t6/the-go-engineer/15-code-generation/1-go-generate	[no test files]
?   	github.com/rasel9t6/the-go-engineer/scripts	[no test files]
FAIL
